// Jest Snapshot v1, https://goo.gl/fbAQLP

exports[`NoteArea should render with no error and match snapshot 1`] = `
Array [
  <Connect(NoteCard)
    key="1"
    note={
      Object {
        "id": 1,
      }
    }
  />,
  <Connect(NoteCard)
    key="2"
    note={
      Object {
        "id": 2,
      }
    }
  />,
]
`;
