// Jest Snapshot v1, https://goo.gl/fbAQLP

exports[`NoteCard should match the snapshot 1`] = `
<WithStyles(Tooltip)
  enterDelay={2000}
  placement="top"
  title="Click to edit!"
>
  <WithStyles(Card)
    className=""
  >
    <Link
      replace={false}
      to="/"
    >
      <WithStyles(Tooltip)
        title="Delete this note!"
      >
        <WithStyles(IconButton)
          onClick={[Function]}
        >
          <pure(DeleteOutlineIcon) />
        </WithStyles(IconButton)>
      </WithStyles(Tooltip)>
    </Link>
    <Link
      replace={false}
      to="/notes/1"
    >
      <WithStyles(CardHeader)
        classes={
          Object {
            "title": undefined,
          }
        }
        title="Best Note"
      />
      <WithStyles(CardContent)>
        <ul>
          <WithStyles(NoteItems)
            noteItems={
              Array [
                Object {
                  "text": "lala",
                },
                Object {
                  "text": "hooray",
                },
              ]
            }
          />
        </ul>
      </WithStyles(CardContent)>
    </Link>
  </WithStyles(Card)>
</WithStyles(Tooltip)>
`;
