// Jest Snapshot v1, https://goo.gl/fbAQLP

exports[`NoteCard should match the snapshot 1`] = `
<WithStyles(Tooltip)
  enterDelay="2000"
  placement="top"
  title="Click to edit!"
>
  <WithStyles(Card)
    className=""
  >
    <Link
      replace={false}
      to="/notes/1"
    >
      <WithStyles(CardHeader)
        action={
          <NavLink
            activeClassName="active"
            aria-current="page"
            to="/"
          >
            <WithStyles(Tooltip)
              title="Delete Card!"
            >
              <WithStyles(IconButton)>
                <pure(DeleteOutlineIcon) />
              </WithStyles(IconButton)>
            </WithStyles(Tooltip)>
          </NavLink>
        }
        classes={
          Object {
            "title": undefined,
          }
        }
        onClick={[Function]}
        title="Best Note"
      />
      <WithStyles(CardContent)>
        <ul>
          <WithStyles(NoteItems)
            noteItems={
              Array [
                Object {
                  "text": "lala",
                },
                Object {
                  "text": "hooray",
                },
              ]
            }
          />
        </ul>
      </WithStyles(CardContent)>
    </Link>
  </WithStyles(Card)>
</WithStyles(Tooltip)>
`;
