// Jest Snapshot v1, https://goo.gl/fbAQLP

exports[`should render without crashing 1`] = `
<WithStyles(AppBar)
  color="primary"
  position="sticky"
>
  <WithStyles(Typography)
    variant="display4"
  >
    TrapperKeeper
  </WithStyles(Typography)>
  <WithStyles(Tooltip)
    className=""
    placement="bottom-end"
    title="Add a new note!"
  >
    <Link
      replace={false}
      to="/new-note"
    >
      <WithStyles(IconButton)
        color="secondary"
      >
        <WithStyles(TouchRipple) />
        <pure(AddIcon)
          fontSize="large"
        />
      </WithStyles(IconButton)>
    </Link>
  </WithStyles(Tooltip)>
</WithStyles(AppBar)>
`;
