// Jest Snapshot v1, https://goo.gl/fbAQLP

exports[`should render without crashing 1`] = `
<WithStyles(AppBar)
  position="sticky"
>
  <WithStyles(Typography)
    align="center"
    variant="h1"
  >
    Trapper-Keeper
  </WithStyles(Typography)>
  <WithStyles(Tooltip)
    className=""
    placement="bottom-end"
    title="Add a new note!"
  >
    <Link
      replace={false}
      to="/new-note"
    >
      <WithStyles(IconButton)
        color="secondary"
      >
        <pure(AddIcon) />
      </WithStyles(IconButton)>
    </Link>
  </WithStyles(Tooltip)>
</WithStyles(AppBar)>
`;
