// Jest Snapshot v1, https://goo.gl/fbAQLP

exports[`App should match snapshot and not error 1`] = `
<div
  className="App"
>
  <Route
    component={[Function]}
    path="/"
  />
  <Switch>
    <Route
      component={[Function]}
      exact={true}
      path="/"
    />
    <Route
      component={[Function]}
      path="/new-note"
    />
    <Route
      path="/notes/:id"
      render={[Function]}
    />
    <Route
      render={[Function]}
    />
  </Switch>
</div>
`;
