// Jest Snapshot v1, https://goo.gl/fbAQLP

exports[`NoteItems should match the snapshot 1`] = `
<div>
  <div
    iscompleted="false"
    key="3"
  >
    <WithStyles(Typography)
      className={false}
      id={3}
      style={
        Object {
          "color": "#48494a",
        }
      }
    >
      Shannon
    </WithStyles(Typography)>
    <WithStyles(Divider)
      light={true}
    />
  </div>
  <WithStyles(Divider)
    className=""
  />
  <div
    iscompleted="true"
    key="1"
  >
    <WithStyles(Typography)
      id={1}
      style={
        Object {
          "color": "#48494a",
        }
      }
    >
      Dylan
    </WithStyles(Typography)>
    <WithStyles(Divider)
      light={true}
    />
  </div>
  <div
    iscompleted="true"
    key="2"
  >
    <WithStyles(Typography)
      id={2}
      style={
        Object {
          "color": "#48494a",
        }
      }
    >
      Justin
    </WithStyles(Typography)>
    <WithStyles(Divider)
      light={true}
    />
  </div>
</div>
`;
