// Jest Snapshot v1, https://goo.gl/fbAQLP

exports[`ErrorDisplay should render with no error and match snapshot 1`] = `
<div
  className="errorDisplay"
>
  <WithStyles(Typography)
    variant="display4"
  >
    Error 404
  </WithStyles(Typography)>
  <WithStyles(Typography)
    variant="display3"
  >
    Page not found.
  </WithStyles(Typography)>
  <WithStyles(Typography)
    variant="display2"
  >
    The path localhost:/3000
     was not found.
  </WithStyles(Typography)>
  <NavLink
    activeClassName="active"
    aria-current="page"
    to="/"
  >
    <WithStyles(Button)>
      Return Home
    </WithStyles(Button)>
  </NavLink>
</div>
`;
