// Jest Snapshot v1, https://goo.gl/fbAQLP

exports[`CreateNote should render with no error and match snapshot 1`] = `
<WithStyles(Dialog)
  disableBackdropClick={true}
  onClose={[Function]}
  open={false}
  transitionDuration={1000}
>
  <WithStyles(DialogTitle)>
    <WithStyles(Input)
      onChange={[Function]}
      placeholder="Add a title"
      value=""
    />
  </WithStyles(DialogTitle)>
  <WithStyles(DialogContent)>
    <form
      onSubmit={[Function]}
    >
      <WithStyles(List)>
        <WithStyles(ListItem)
          key="1"
        >
          <label
            id={1}
          >
            <WithStyles(Tooltip)
              enterDelay="1000"
              title="Mark item as complete"
            >
              <WithStyles(Checkbox)
                checked={false}
                onChange={[Function]}
              />
            </WithStyles(Tooltip)>
            <WithStyles(Input)
              autoFocus={false}
              key="1"
              onChange={[Function]}
              value="mockTitle"
            />
            <WithStyles(Tooltip)
              enterDelay="1000"
              title="Delete note item!"
            >
              <WithStyles(IconButton)
                className=""
                onClick={[Function]}
              >
                <pure(DeleteOutlineIcon) />
              </WithStyles(IconButton)>
            </WithStyles(Tooltip)>
          </label>
        </WithStyles(ListItem)>
        <WithStyles(ListItem)
          key="1"
        >
          <label
            id={2}
          >
            <WithStyles(Tooltip)
              enterDelay="1000"
              title="Mark item as complete"
            >
              <WithStyles(Checkbox)
                checked={false}
                onChange={[Function]}
              />
            </WithStyles(Tooltip)>
            <WithStyles(Input)
              autoFocus={false}
              key="2"
              onChange={[Function]}
              value="mockTitle2"
            />
            <WithStyles(Tooltip)
              enterDelay="1000"
              title="Delete note item!"
            >
              <WithStyles(IconButton)
                className=""
                onClick={[Function]}
              >
                <pure(DeleteOutlineIcon) />
              </WithStyles(IconButton)>
            </WithStyles(Tooltip)>
          </label>
        </WithStyles(ListItem)>
        <WithStyles(ListItem)
          key="1"
        >
          <label
            id={1}
          >
            <WithStyles(Input)
              key="1"
              onChange={[Function]}
              placeholder="Add a note item"
            />
          </label>
        </WithStyles(ListItem)>
      </WithStyles(List)>
      <WithStyles(Button)
        type="submit"
      >
        Submit
      </WithStyles(Button)>
    </form>
  </WithStyles(DialogContent)>
</WithStyles(Dialog)>
`;
